repo exists: 200
files: 49
PUT audit_carriers.py 200
PUT check_recon.py 200
PUT check_recon_v3.py 200
PUT derive_responsibility.py 200
PUT gate.js 200
PUT index.html 200
PUT make_recon_tickets.py 200
PUT old_rids.txt 200
PUT rebuild_mapping.py 200
PUT shot_compliance.png 200
PUT shot_dashboard.png 200
PUT shot_recon.png 200
PUT shot_transit.png 200
PUT shot_transit_full.png 200
PUT shot_transit_seg.png 200
PUT shot_transit_stage.png 200
PUT shot_warehouse.png 200
PUT shot_xiaobao.png 200
PUT shot_xiaobao_seg.png 200
PUT triage_hl.txt 200
PUT triage_yjl.txt 200
PUT triage_zt.txt 200
PUT verify_render.js 200
